// Jest Snapshot v1, https://goo.gl/fbAQLP

exports[`components/core/TheAppBar renders properly 1`] = `
"<header class=\\"the-app-bar\\">
  <v-app-bar-stub color=\\"primary\\" elevation=\\"0\\" tag=\\"header\\" extensionheight=\\"48\\" src=\\"\\" value=\\"true\\" app=\\"true\\" fadeimgonscroll=\\"true\\" hideonscroll=\\"true\\" class=\\"black--text\\">
    <v-app-bar-nav-icon-stub color=\\"tertiary\\" class=\\"mr-3 navDrawerIcon\\"></v-app-bar-nav-icon-stub>
    <v-spacer-stub></v-spacer-stub>
  </v-app-bar-stub>
</header>"
`;
